Microchip MPLAB XC8 Compiler V2.20

Linker command line:

-W-3 --edf=C:\Program Files\Microchip\xc8\v2.20\pic\dat\en_msgs.txt -cn \
  -h+dist/default/production\Lab12_2019011620.X.production.sym \
  --cmf=dist/default/production\Lab12_2019011620.X.production.cmf -z \
  -Q18F4520 -oC:\Users\Mariana\AppData\Local\Temp\s4cq8.2 \
  --defsym=__MPLAB_BUILD=1 \
  -Mdist/default/production/Lab12_2019011620.X.production.map -E1 \
  -ver=XC8 Compiler --acfsm=1493 -ASTACK=080h-05FFh -pstack=STACK \
  -ACODE=00h-07FFFh -ACONST=00h-07FFFh -ASMALLCONST=0600h-06FFhx122 \
  -AMEDIUMCONST=0600h-07FFFh -ACOMRAM=01h-07Fh -AABS1=00h-05FFh \
  -ABIGRAM=01h-05FFh -ARAM=080h-0FFh,0100h-01FFhx5 -ABANK0=080h-0FFh \
  -ABANK1=0100h-01FFh -ABANK2=0200h-02FFh -ABANK3=0300h-03FFh \
  -ABANK4=0400h-04FFh -ABANK5=0500h-05FFh -ASFR=0F80h-0FFFh \
  -ACONFIG=0300000h-030000Dh -AIDLOC=0200000h-0200007h \
  -preset_vec=00h,intcode,intcodelo,powerup,init -pramtop=0600h \
  -psmallconst=SMALLCONST -pmediumconst=MEDIUMCONST -pconst=CONST \
  -AFARRAM=00h-00h -AEEDATA=0F00000h-0F000FFh -peeprom_data=EEDATA \
  -prdata=COMRAM,nvrram=COMRAM,nvbit=COMRAM,rbss=COMRAM,rbit=COMRAM \
  -pfarbss=FARRAM,fardata=FARRAM,nvFARRAM=FARRAM \
  -pintsave_regs=BIGRAM,bigbss=BIGRAM,bigdata=BIGRAM -pbss=RAM \
  -pidata=CODE,irdata=CODE,ibigdata=CODE,ifardata=CODE -prparam=COMRAM \
  C:\Users\Mariana\AppData\Local\Temp\s4cq8.o \
  dist/default/production\Lab12_2019011620.X.production.o 

Object code version is 3.11

Machine type is 18F4520



                Name                               Link     Load   Length Selector   Space Scale
C:\Users\Mariana\AppData\Local\Temp\s4cq8.o
                idloc                            200000   200000        8        0       5
                config                           300000   300000        E        0       4
                init                                  0        0        4        0       0
dist/default/production\Lab12_2019011620.X.production.o
                idloc                            200000   200000        8        0       5
                config                           300000   300000        E        0       4
                text17                             7A2C     7A2C       26     3D16       0
                text16                             7D68     7D68       90     3EB4       0
                text15                             7C6E     7C6E       74     3E37       0
                text14                             7B3A     7B3A       64     3D9D       0
                text13                             7EF8     7EF8      108     3F7C       0
                text12                             7B9E     7B9E       64     3DCF       0
                text11                             79D4     79D4        8     3CEA       0
                text10                             7A52     7A52       2A     3D29       0
                text9                              7A7C     7A7C       2A     3D3E       0
                text8                              7DF8     7DF8      100     3EFC       0
                text7                              7A02     7A02       14     3D01       0
                text6                              7C02     7C02       6C     3E01       0
                text5                              7CE2     7CE2       86     3E71       0
                text4                              79DC     79DC        C     3CEE       0
                text3                              79E8     79E8        C     3CF4       0
                text2                              79F4     79F4        E     3CFA       0
                text1                              7ADE     7ADE       5C     3D6F       0
                text0                              7AA6     7AA6       38     3D53       0
                cstackCOMRAM                          1        1       19        1       1
                bssCOMRAM                            1A       1A        A        1       1
                cinit                              7A16     7A16       16     3D0B       0

TOTAL           Name                               Link     Load   Length     Space
        CLASS   STACK          

        CLASS   CODE           
                init                                  0        0        4         0
                text17                             7A2C     7A2C       26         0
                text16                             7D68     7D68       90         0
                text15                             7C6E     7C6E       74         0
                text14                             7B3A     7B3A       64         0
                text13                             7EF8     7EF8      108         0
                text12                             7B9E     7B9E       64         0
                text11                             79D4     79D4        8         0
                text10                             7A52     7A52       2A         0
                text9                              7A7C     7A7C       2A         0
                text8                              7DF8     7DF8      100         0
                text7                              7A02     7A02       14         0
                text6                              7C02     7C02       6C         0
                text5                              7CE2     7CE2       86         0
                text4                              79DC     79DC        C         0
                text3                              79E8     79E8        C         0
                text2                              79F4     79F4        E         0
                text1                              7ADE     7ADE       5C         0
                text0                              7AA6     7AA6       38         0
                cinit                              7A16     7A16       16         0

        CLASS   CONST          

        CLASS   SMALLCONST     

        CLASS   MEDIUMCONST    

        CLASS   COMRAM         
                cstackCOMRAM                          1        1       19         1
                bssCOMRAM                            1A       1A        A         1

        CLASS   ABS1           

        CLASS   BIGRAM         

        CLASS   RAM            

        CLASS   BANK0          

        CLASS   BANK1          

        CLASS   BANK2          

        CLASS   BANK3          

        CLASS   BANK4          

        CLASS   BANK5          

        CLASS   SFR            

        CLASS   CONFIG         
                config                           300000   300000        E         4

        CLASS   IDLOC          
                idloc                            200000   200000        8         5

        CLASS   FARRAM         

        CLASS   EEDATA         



SEGMENTS        Name                           Load    Length   Top    Selector   Space  Class

                reset_vec                      000000  000004  000004         0       0  CODE    
                cstackCOMRAM                   000001  000023  000024         1       1  COMRAM  
                text11                         0079D4  000008  0079DC      3CEA       0  CODE    
                text4                          0079DC  00000C  0079E8      3CEE       0  CODE    
                text3                          0079E8  00000C  0079F4      3CF4       0  CODE    
                text2                          0079F4  00000E  007A02      3CFA       0  CODE    
                text7                          007A02  000014  007A16      3D01       0  CODE    
                cinit                          007A16  000016  007A2C      3D0B       0  CODE    
                text17                         007A2C  000026  007A52      3D16       0  CODE    
                text10                         007A52  00002A  007A7C      3D29       0  CODE    
                text9                          007A7C  00002A  007AA6      3D3E       0  CODE    
                text0                          007AA6  000038  007ADE      3D53       0  CODE    
                text1                          007ADE  00005C  007B3A      3D6F       0  CODE    
                text14                         007B3A  000064  007B9E      3D9D       0  CODE    
                text12                         007B9E  000064  007C02      3DCF       0  CODE    
                text6                          007C02  00006C  007C6E      3E01       0  CODE    
                text15                         007C6E  000074  007CE2      3E37       0  CODE    
                text5                          007CE2  000086  007D68      3E71       0  CODE    
                text16                         007D68  000090  007DF8      3EB4       0  CODE    
                text8                          007DF8  000100  007EF8      3EFC       0  CODE    
                text13                         007EF8  000108  008000      3F7C       0  CODE    


UNUSED ADDRESS RANGES

        Name                Unused          Largest block    Delta
        BANK0            000080-0000FF               80
        BANK1            000100-0001FF              100
        BANK2            000200-0002FF              100
        BANK3            000300-0003FF              100
        BANK4            000400-0004FF              100
        BANK5            000500-0005FF              100
        BIGRAM           000024-0005FF              5DC
        CODE             000004-0079D3             79D0
        COMRAM           000024-00007F               5C
        CONST            000004-0079D3             79D0
        EEDATA           F00000-F000FF              100
        MEDIUMCONST      000600-0079D3             73D4
        RAM              000080-0005FF              100
        SFR              000F80-000FFF               80
        SMALLCONST       000600-0079D3              100
        STACK            000080-0005FF              580

                                  Symbol Table

?___lwdiv                         cstackCOMRAM 00000E
?___lwmod                         cstackCOMRAM 000001
?___wmul                          cstackCOMRAM 000008
?_adc_amostra                     cstackCOMRAM 000001
ConfiguraLimiteInferior@temp      cstackCOMRAM 000019
ConfiguraLimiteSuperior@temp      cstackCOMRAM 000019
_ADCON0                           (abs)        000FC2
_ADCON0bits                       (abs)        000FC2
_ADCON1                           (abs)        000FC1
_ADCON2                           (abs)        000FC0
_ADRESH                           (abs)        000FC4
_ADRESL                           (abs)        000FC3
_AtualizarSistema                 text5        007CE2
_ConfiguraLimiteInferior          text4        0079DC
_ConfiguraLimiteSuperior          text3        0079E8
__HRAM                            (abs)        000000
__Habs1                           abs1         000000
__Hbank0                          bank0        000000
__Hbank1                          bank1        000000
__Hbank2                          bank2        000000
__Hbank3                          bank3        000000
__Hbank4                          bank4        000000
__Hbank5                          bank5        000000
__Hbigbss                         bigbss       000000
__Hbigdata                        bigdata      000000
__Hbigram                         bigram       000000
__Hbss                            bss          000000
__HbssCOMRAM                      bssCOMRAM    000000
__Hcinit                          cinit        000000
__Hclrtext                        clrtext      000000
__Hcomram                         comram       000000
__Hconfig                         config       30000E
__Hconst                          const        000000
__HcstackCOMRAM                   cstackCOMRAM 000000
__Hdata                           data         000000
__Heeprom_data                    eeprom_data  000000
__Hfarbss                         farbss       000000
__Hfardata                        fardata      000000
__Hibigdata                       ibigdata     000000
__Hidata                          idata        000000
__Hidloc                          idloc        200008
__Hifardata                       ifardata     000000
__Hinit                           init         000004
__Hintcode                        intcode      000000
__Hintcode_body                   intcode_body 000000
__Hintcodelo                      intcodelo    000000
__Hintentry                       intentry     000000
__Hintret                         intret       000000
__Hintsave_regs                   intsave_regs 000000
__Hirdata                         irdata       000000
__Hmediumconst                    mediumconst  000000
__HnvFARRAM                       nvFARRAM     000000
__Hnvbit                          nvbit        000000
__Hnvrram                         nvrram       000000
__Hparam                          rparam       000000
__Hpowerup                        powerup      000000
__Hram                            ram          000000
__Hramtop                         ramtop       000600
__Hrbit                           rbit         000000
__Hrbss                           rbss         000000
__Hrdata                          rdata        000000
__Hreset_vec                      reset_vec    000000
__Hrparam                         rparam       000000
__Hsfr                            sfr          000000
__Hsmallconst                     smallconst   000000
__Hspace_0                        (abs)        008000
__Hspace_1                        (abs)        000024
__Hspace_2                        (abs)        000000
__Hspace_4                        (abs)        60000E
__Hstack                          stack        000000
__Hstruct                         struct       000000
__Htemp                           temp         000000
__Htext                           text         000000
__Htext0                          text0        000000
__Htext1                          text1        000000
__Htext10                         text10       000000
__Htext11                         text11       000000
__Htext12                         text12       000000
__Htext13                         text13       000000
__Htext14                         text14       000000
__Htext15                         text15       000000
__Htext16                         text16       000000
__Htext17                         text17       000000
__Htext2                          text2        000000
__Htext3                          text3        000000
__Htext4                          text4        000000
__Htext5                          text5        000000
__Htext6                          text6        000000
__Htext7                          text7        000000
__Htext8                          text8        000000
__Htext9                          text9        000000
__LRAM                            (abs)        000001
__Labs1                           abs1         000000
__Lbank0                          bank0        000000
__Lbank1                          bank1        000000
__Lbank2                          bank2        000000
__Lbank3                          bank3        000000
__Lbank4                          bank4        000000
__Lbank5                          bank5        000000
__Lbigbss                         bigbss       000000
__Lbigdata                        bigdata      000000
__Lbigram                         bigram       000000
__Lbss                            bss          000000
__LbssCOMRAM                      bssCOMRAM    000000
__Lcinit                          cinit        000000
__Lclrtext                        clrtext      000000
__Lcomram                         comram       000000
__Lconfig                         config       000000
__Lconst                          const        000000
__LcstackCOMRAM                   cstackCOMRAM 000000
__Ldata                           data         000000
__Leeprom_data                    eeprom_data  000000
__Lfarbss                         farbss       000000
__Lfardata                        fardata      000000
__Libigdata                       ibigdata     000000
__Lidata                          idata        000000
__Lidloc                          idloc        000000
__Lifardata                       ifardata     000000
__Linit                           init         000000
__Lintcode                        intcode      000000
__Lintcode_body                   intcode_body 000000
__Lintcodelo                      intcodelo    000000
__Lintentry                       intentry     000000
__Lintret                         intret       000000
__Lintsave_regs                   intsave_regs 000000
__Lirdata                         irdata       000000
__Lmediumconst                    mediumconst  000000
__LnvFARRAM                       nvFARRAM     000000
__Lnvbit                          nvbit        000000
__Lnvrram                         nvrram       000000
__Lparam                          rparam       000000
__Lpowerup                        powerup      000000
__Lram                            ram          000000
__Lramtop                         ramtop       000600
__Lrbit                           rbit         000000
__Lrbss                           rbss         000000
__Lrdata                          rdata        000000
__Lreset_vec                      reset_vec    000000
__Lrparam                         rparam       000000
__Lsfr                            sfr          000000
__Lsmallconst                     smallconst   000000
__Lspace_0                        (abs)        000000
__Lspace_1                        (abs)        000000
__Lspace_2                        (abs)        000000
__Lspace_4                        (abs)        000000
__Lstack                          stack        000000
__Lstruct                         struct       000000
__Ltemp                           temp         000000
__Ltext                           text         000000
__Ltext0                          text0        000000
__Ltext1                          text1        000000
__Ltext10                         text10       000000
__Ltext11                         text11       000000
__Ltext12                         text12       000000
__Ltext13                         text13       000000
__Ltext14                         text14       000000
__Ltext15                         text15       000000
__Ltext16                         text16       000000
__Ltext17                         text17       000000
__Ltext2                          text2        000000
__Ltext3                          text3        000000
__Ltext4                          text4        000000
__Ltext5                          text5        000000
__Ltext6                          text6        000000
__Ltext7                          text7        000000
__Ltext8                          text8        000000
__Ltext9                          text9        000000
__S0                              (abs)        008000
__S1                              (abs)        000024
__S2                              (abs)        000000
__S4                              (abs)        000000
__S5                              (abs)        000000
___inthi_sp                       stack        000000
___intlo_sp                       stack        000000
___lwdiv                          text15       007C6E
___lwdiv@counter                  cstackCOMRAM 000014
___lwdiv@dividend                 cstackCOMRAM 00000E
___lwdiv@divisor                  cstackCOMRAM 000010
___lwdiv@quotient                 cstackCOMRAM 000012
___lwmod                          text14       007B3A
___lwmod@counter                  cstackCOMRAM 000005
___lwmod@dividend                 cstackCOMRAM 000001
___lwmod@divisor                  cstackCOMRAM 000003
___param_bank                     (abs)        000000
___rparam_used                    (abs)        000001
___sp                             stack        000000
___wmul                           text17       007A2C
___wmul@multiplicand              cstackCOMRAM 00000A
___wmul@multiplier                cstackCOMRAM 000008
___wmul@product                   cstackCOMRAM 00000C
__accesstop                       (abs)        000080
__activetblptr                    (abs)        000002
__end_of_AtualizarSistema         text5        007D68
__end_of_ConfiguraLimiteInferior  text4        0079E8
__end_of_ConfiguraLimiteSuperior  text3        0079F4
__end_of___lwdiv                  text15       007CE2
__end_of___lwmod                  text14       007B9E
__end_of___wmul                   text17       007A52
__end_of__initialization          cinit        007A22
__end_of_adc_amostra              text16       007DF8
__end_of_adc_init                 text2        007A02
__end_of_atraso_ms                text12       007C02
__end_of_atualizaLCD              text8        007EF8
__end_of_itoa                     text13       008000
__end_of_lcd_cmd                  text10       007A7C
__end_of_lcd_dat                  text9        007AA6
__end_of_lcd_init                 text1        007B3A
__end_of_lcd_wr                   text11       0079DC
__end_of_main                     text0        007ADE
__end_of_pwmInit                  text7        007A16
__end_of_pwmSet1                  text6        007C6E
__initialization                  cinit        007A16
__mediumconst                     mediumconst  000000
__pbssCOMRAM                      bssCOMRAM    00001A
__pcinit                          cinit        007A16
__pcstackCOMRAM                   cstackCOMRAM 000001
__ptext0                          text0        007AA6
__ptext1                          text1        007ADE
__ptext10                         text10       007A52
__ptext11                         text11       0079D4
__ptext12                         text12       007B9E
__ptext13                         text13       007EF8
__ptext14                         text14       007B3A
__ptext15                         text15       007C6E
__ptext16                         text16       007D68
__ptext17                         text17       007A2C
__ptext2                          text2        0079F4
__ptext3                          text3        0079E8
__ptext4                          text4        0079DC
__ptext5                          text5        007CE2
__ptext6                          text6        007C02
__ptext7                          text7        007A02
__ptext8                          text8        007DF8
__ptext9                          text9        007A7C
__ramtop                          ramtop       000600
__size_of_AtualizarSistema        (abs)        000000
__size_of_ConfiguraLimiteInferior (abs)        000000
__size_of_ConfiguraLimiteSuperior (abs)        000000
__size_of___lwdiv                 (abs)        000000
__size_of___lwmod                 (abs)        000000
__size_of___wmul                  (abs)        000000
__size_of_adc_amostra             (abs)        000000
__size_of_adc_init                (abs)        000000
__size_of_atraso_ms               (abs)        000000
__size_of_atualizaLCD             (abs)        000000
__size_of_itoa                    (abs)        000000
__size_of_lcd_cmd                 (abs)        000000
__size_of_lcd_dat                 (abs)        000000
__size_of_lcd_init                (abs)        000000
__size_of_lcd_wr                  (abs)        000000
__size_of_main                    (abs)        000000
__size_of_pwmInit                 (abs)        000000
__size_of_pwmSet1                 (abs)        000000
__smallconst                      smallconst   000000
_adc_amostra                      text16       007D68
_adc_init                         text2        0079F4
_atraso_ms                        text12       007B9E
_atualizaLCD                      text8        007DF8
_inferior                         bssCOMRAM    00001C
_itoa                             text13       007EF8
_lcd_cmd                          text10       007A52
_lcd_dat                          text9        007A7C
_lcd_init                         text1        007ADE
_lcd_wr                           text11       0079D4
_main                             text0        007AA6
_pot                              bssCOMRAM    00001B
_pwmInit                          text7        007A02
_pwmSet1                          text6        007C02
_str                              bssCOMRAM    00001E
_superior                         bssCOMRAM    00001D
_tmp                              bssCOMRAM    00001A
adc_amostra@canal                 cstackCOMRAM 000007
atraso_ms@i                       cstackCOMRAM 000003
atraso_ms@j                       cstackCOMRAM 000005
atraso_ms@k                       cstackCOMRAM 000006
atraso_ms@t                       cstackCOMRAM 000001
end_of_initialization             cinit        007A22
intlevel0                         text         000000
intlevel1                         text         000000
intlevel2                         text         000000
intlevel3                         text         000000
itoa@str                          cstackCOMRAM 000017
itoa@val                          cstackCOMRAM 000015
lcd_cmd@val                       cstackCOMRAM 000007
lcd_dat@val                       cstackCOMRAM 000007
lcd_wr@val                        cstackCOMRAM 000001
pwmSet1@porcento                  cstackCOMRAM 000017
pwmSet1@val                       cstackCOMRAM 000018
stackhi                           (abs)        0005FF
stacklo                           (abs)        000080
start                             init         000000
start_initialization              cinit        007A16


FUNCTION INFORMATION:

 *************** function _main *****************
 Defined at:
		line 15 in file "main.c"
 Parameters:    Size  Location     Type
		None
 Auto vars:     Size  Location     Type
		None
 Return value:  Size  Location     Type
                  1    wreg      void 
 Registers used:
		wreg, fsr2l, fsr2h, status,2, status,0, prodl, prodh, cstack
 Tracked objects:
		On entry : 
		On exit  : 
		Unchanged: 
 Data sizes:     COMRAM   BANK0   BANK1   BANK2   BANK3   BANK4   BANK5
      Params:         0       0       0       0       0       0       0
      Locals:         0       0       0       0       0       0       0
      Temps:          0       0       0       0       0       0       0
      Totals:         0       0       0       0       0       0       0
Total ram usage:        0 bytes
 Hardware stack levels required when called:    4
 This function calls:
		_AtualizarSistema
		_ConfiguraLimiteInferior
		_ConfiguraLimiteSuperior
		_adc_init
		_lcd_init
 This function is called by:
		Startup code after reset
 This function uses a non-reentrant model


 *************** function _lcd_init *****************
 Defined at:
		line 29 in file "lcd.c"
 Parameters:    Size  Location     Type
		None
 Auto vars:     Size  Location     Type
		None
 Return value:  Size  Location     Type
                  1    wreg      void 
 Registers used:
		wreg, status,2, status,0, cstack
 Tracked objects:
		On entry : 
		On exit  : 
		Unchanged: 
 Data sizes:     COMRAM   BANK0   BANK1   BANK2   BANK3   BANK4   BANK5
      Params:         0       0       0       0       0       0       0
      Locals:         0       0       0       0       0       0       0
      Temps:          0       0       0       0       0       0       0
      Totals:         0       0       0       0       0       0       0
Total ram usage:        0 bytes
 Hardware stack levels used:    1
 Hardware stack levels required when called:    2
 This function calls:
		_atraso_ms
		_lcd_cmd
 This function is called by:
		_main
 This function uses a non-reentrant model


 *************** function _adc_init *****************
 Defined at:
		line 29 in file "adc.c"
 Parameters:    Size  Location     Type
		None
 Auto vars:     Size  Location     Type
		None
 Return value:  Size  Location     Type
                  1    wreg      void 
 Registers used:
		wreg, status,2
 Tracked objects:
		On entry : 
		On exit  : 
		Unchanged: 
 Data sizes:     COMRAM   BANK0   BANK1   BANK2   BANK3   BANK4   BANK5
      Params:         0       0       0       0       0       0       0
      Locals:         0       0       0       0       0       0       0
      Temps:          0       0       0       0       0       0       0
      Totals:         0       0       0       0       0       0       0
Total ram usage:        0 bytes
 Hardware stack levels used:    1
 This function calls:
		Nothing
 This function is called by:
		_main
 This function uses a non-reentrant model


 *************** function _ConfiguraLimiteSuperior *****************
 Defined at:
		line 46 in file "temperatura.c"
 Parameters:    Size  Location     Type
  temp            1    wreg     unsigned char 
 Auto vars:     Size  Location     Type
  temp            1   24[COMRAM] unsigned char 
 Return value:  Size  Location     Type
                  1    wreg      void 
 Registers used:
		wreg, fsr2l, fsr2h, status,2, status,0, prodl, prodh, cstack
 Tracked objects:
		On entry : 
		On exit  : 
		Unchanged: 
 Data sizes:     COMRAM   BANK0   BANK1   BANK2   BANK3   BANK4   BANK5
      Params:         0       0       0       0       0       0       0
      Locals:         1       0       0       0       0       0       0
      Temps:          0       0       0       0       0       0       0
      Totals:         1       0       0       0       0       0       0
Total ram usage:        1 bytes
 Hardware stack levels used:    1
 Hardware stack levels required when called:    3
 This function calls:
		_atualizaLCD
 This function is called by:
		_main
 This function uses a non-reentrant model


 *************** function _ConfiguraLimiteInferior *****************
 Defined at:
		line 51 in file "temperatura.c"
 Parameters:    Size  Location     Type
  temp            1    wreg     unsigned char 
 Auto vars:     Size  Location     Type
  temp            1   24[COMRAM] unsigned char 
 Return value:  Size  Location     Type
                  1    wreg      void 
 Registers used:
		wreg, fsr2l, fsr2h, status,2, status,0, prodl, prodh, cstack
 Tracked objects:
		On entry : 
		On exit  : 
		Unchanged: 
 Data sizes:     COMRAM   BANK0   BANK1   BANK2   BANK3   BANK4   BANK5
      Params:         0       0       0       0       0       0       0
      Locals:         1       0       0       0       0       0       0
      Temps:          0       0       0       0       0       0       0
      Totals:         1       0       0       0       0       0       0
Total ram usage:        1 bytes
 Hardware stack levels used:    1
 Hardware stack levels required when called:    3
 This function calls:
		_atualizaLCD
 This function is called by:
		_main
 This function uses a non-reentrant model


 *************** function _AtualizarSistema *****************
 Defined at:
		line 56 in file "temperatura.c"
 Parameters:    Size  Location     Type
		None
 Auto vars:     Size  Location     Type
		None
 Return value:  Size  Location     Type
                  1    wreg      void 
 Registers used:
		wreg, fsr2l, fsr2h, status,2, status,0, prodl, prodh, cstack
 Tracked objects:
		On entry : 
		On exit  : 
		Unchanged: 
 Data sizes:     COMRAM   BANK0   BANK1   BANK2   BANK3   BANK4   BANK5
      Params:         0       0       0       0       0       0       0
      Locals:         0       0       0       0       0       0       0
      Temps:          0       0       0       0       0       0       0
      Totals:         0       0       0       0       0       0       0
Total ram usage:        0 bytes
 Hardware stack levels used:    1
 Hardware stack levels required when called:    3
 This function calls:
		___lwdiv
		___wmul
		_adc_amostra
		_atualizaLCD
		_pwmInit
		_pwmSet1
 This function is called by:
		_main
 This function uses a non-reentrant model


 *************** function _pwmSet1 *****************
 Defined at:
		line 23 in file "pwm.c"
 Parameters:    Size  Location     Type
  porcento        1    wreg     unsigned char 
 Auto vars:     Size  Location     Type
  porcento        1   22[COMRAM] unsigned char 
  val             2   23[COMRAM] unsigned int 
 Return value:  Size  Location     Type
                  1    wreg      void 
 Registers used:
		wreg, status,2, status,0, prodl, prodh, cstack
 Tracked objects:
		On entry : 
		On exit  : 
		Unchanged: 
 Data sizes:     COMRAM   BANK0   BANK1   BANK2   BANK3   BANK4   BANK5
      Params:         0       0       0       0       0       0       0
      Locals:         3       0       0       0       0       0       0
      Temps:          2       0       0       0       0       0       0
      Totals:         5       0       0       0       0       0       0
Total ram usage:        5 bytes
 Hardware stack levels used:    1
 Hardware stack levels required when called:    1
 This function calls:
		___lwdiv
		___wmul
 This function is called by:
		_AtualizarSistema
 This function uses a non-reentrant model


 *************** function _pwmInit *****************
 Defined at:
		line 59 in file "pwm.c"
 Parameters:    Size  Location     Type
		None
 Auto vars:     Size  Location     Type
		None
 Return value:  Size  Location     Type
                  1    wreg      void 
 Registers used:
		wreg, status,2, status,0
 Tracked objects:
		On entry : 
		On exit  : 
		Unchanged: 
 Data sizes:     COMRAM   BANK0   BANK1   BANK2   BANK3   BANK4   BANK5
      Params:         0       0       0       0       0       0       0
      Locals:         0       0       0       0       0       0       0
      Temps:          0       0       0       0       0       0       0
      Totals:         0       0       0       0       0       0       0
Total ram usage:        0 bytes
 Hardware stack levels used:    1
 This function calls:
		Nothing
 This function is called by:
		_AtualizarSistema
 This function uses a non-reentrant model


 *************** function _atualizaLCD *****************
 Defined at:
		line 13 in file "temperatura.c"
 Parameters:    Size  Location     Type
		None
 Auto vars:     Size  Location     Type
		None
 Return value:  Size  Location     Type
                  1    wreg      void 
 Registers used:
		wreg, fsr2l, fsr2h, status,2, status,0, prodl, prodh, cstack
 Tracked objects:
		On entry : 
		On exit  : 
		Unchanged: 
 Data sizes:     COMRAM   BANK0   BANK1   BANK2   BANK3   BANK4   BANK5
      Params:         0       0       0       0       0       0       0
      Locals:         0       0       0       0       0       0       0
      Temps:          0       0       0       0       0       0       0
      Totals:         0       0       0       0       0       0       0
Total ram usage:        0 bytes
 Hardware stack levels used:    1
 Hardware stack levels required when called:    2
 This function calls:
		___lwdiv
		___wmul
		_adc_amostra
		_itoa
		_lcd_cmd
		_lcd_dat
 This function is called by:
		_ConfiguraLimiteSuperior
		_ConfiguraLimiteInferior
		_AtualizarSistema
 This function uses a non-reentrant model


 *************** function _lcd_dat *****************
 Defined at:
		line 19 in file "lcd.c"
 Parameters:    Size  Location     Type
  val             1    wreg     unsigned char 
 Auto vars:     Size  Location     Type
  val             1    6[COMRAM] unsigned char 
 Return value:  Size  Location     Type
                  1    wreg      void 
 Registers used:
		wreg, status,2, status,0, cstack
 Tracked objects:
		On entry : 
		On exit  : 
		Unchanged: 
 Data sizes:     COMRAM   BANK0   BANK1   BANK2   BANK3   BANK4   BANK5
      Params:         0       0       0       0       0       0       0
      Locals:         1       0       0       0       0       0       0
      Temps:          0       0       0       0       0       0       0
      Totals:         1       0       0       0       0       0       0
Total ram usage:        1 bytes
 Hardware stack levels used:    1
 Hardware stack levels required when called:    1
 This function calls:
		_atraso_ms
		_lcd_wr
 This function is called by:
		_atualizaLCD
		_lcd_str
 This function uses a non-reentrant model


 *************** function _lcd_cmd *****************
 Defined at:
		line 9 in file "lcd.c"
 Parameters:    Size  Location     Type
  val             1    wreg     unsigned char 
 Auto vars:     Size  Location     Type
  val             1    6[COMRAM] unsigned char 
 Return value:  Size  Location     Type
                  1    wreg      void 
 Registers used:
		wreg, status,2, status,0, cstack
 Tracked objects:
		On entry : 
		On exit  : 
		Unchanged: 
 Data sizes:     COMRAM   BANK0   BANK1   BANK2   BANK3   BANK4   BANK5
      Params:         0       0       0       0       0       0       0
      Locals:         1       0       0       0       0       0       0
      Temps:          0       0       0       0       0       0       0
      Totals:         1       0       0       0       0       0       0
Total ram usage:        1 bytes
 Hardware stack levels used:    1
 Hardware stack levels required when called:    1
 This function calls:
		_atraso_ms
		_lcd_wr
 This function is called by:
		_lcd_init
		_atualizaLCD
 This function uses a non-reentrant model


 *************** function _lcd_wr *****************
 Defined at:
		line 5 in file "lcd.c"
 Parameters:    Size  Location     Type
  val             1    wreg     unsigned char 
 Auto vars:     Size  Location     Type
  val             1    0[COMRAM] unsigned char 
 Return value:  Size  Location     Type
                  1    wreg      void 
 Registers used:
		wreg
 Tracked objects:
		On entry : 
		On exit  : 
		Unchanged: 
 Data sizes:     COMRAM   BANK0   BANK1   BANK2   BANK3   BANK4   BANK5
      Params:         0       0       0       0       0       0       0
      Locals:         1       0       0       0       0       0       0
      Temps:          0       0       0       0       0       0       0
      Totals:         1       0       0       0       0       0       0
Total ram usage:        1 bytes
 Hardware stack levels used:    1
 This function calls:
		Nothing
 This function is called by:
		_lcd_cmd
		_lcd_dat
 This function uses a non-reentrant model


 *************** function _atraso_ms *****************
 Defined at:
		line 3 in file "delay.c"
 Parameters:    Size  Location     Type
  t               2    0[COMRAM] unsigned int 
 Auto vars:     Size  Location     Type
  i               2    2[COMRAM] volatile unsigned int 
  k               1    5[COMRAM] volatile unsigned char 
  j               1    4[COMRAM] volatile unsigned char 
 Return value:  Size  Location     Type
                  1    wreg      void 
 Registers used:
		wreg, status,2, status,0
 Tracked objects:
		On entry : 
		On exit  : 
		Unchanged: 
 Data sizes:     COMRAM   BANK0   BANK1   BANK2   BANK3   BANK4   BANK5
      Params:         2       0       0       0       0       0       0
      Locals:         4       0       0       0       0       0       0
      Temps:          0       0       0       0       0       0       0
      Totals:         6       0       0       0       0       0       0
Total ram usage:        6 bytes
 Hardware stack levels used:    1
 This function calls:
		Nothing
 This function is called by:
		_lcd_cmd
		_lcd_dat
		_lcd_init
 This function uses a non-reentrant model


 *************** function _itoa *****************
 Defined at:
		line 3 in file "itoa.c"
 Parameters:    Size  Location     Type
  val             2   20[COMRAM] unsigned int 
  str             2   22[COMRAM] PTR unsigned char 
		 -> str(6), 
 Auto vars:     Size  Location     Type
		None
 Return value:  Size  Location     Type
                  1    wreg      void 
 Registers used:
		wreg, fsr2l, fsr2h, status,2, status,0, cstack
 Tracked objects:
		On entry : 
		On exit  : 
		Unchanged: 
 Data sizes:     COMRAM   BANK0   BANK1   BANK2   BANK3   BANK4   BANK5
      Params:         4       0       0       0       0       0       0
      Locals:         0       0       0       0       0       0       0
      Temps:          0       0       0       0       0       0       0
      Totals:         4       0       0       0       0       0       0
Total ram usage:        4 bytes
 Hardware stack levels used:    1
 Hardware stack levels required when called:    1
 This function calls:
		___lwdiv
		___lwmod
 This function is called by:
		_atualizaLCD
 This function uses a non-reentrant model


 *************** function ___lwmod *****************
 Defined at:
		line 7 in file "C:\Program Files\Microchip\xc8\v2.20\pic\sources\c99\common\lwmod.c"
 Parameters:    Size  Location     Type
  dividend        2    0[COMRAM] unsigned int 
  divisor         2    2[COMRAM] unsigned int 
 Auto vars:     Size  Location     Type
  counter         1    4[COMRAM] unsigned char 
 Return value:  Size  Location     Type
                  2    0[COMRAM] unsigned int 
 Registers used:
		wreg, status,2, status,0
 Tracked objects:
		On entry : 
		On exit  : 
		Unchanged: 
 Data sizes:     COMRAM   BANK0   BANK1   BANK2   BANK3   BANK4   BANK5
      Params:         4       0       0       0       0       0       0
      Locals:         1       0       0       0       0       0       0
      Temps:          0       0       0       0       0       0       0
      Totals:         5       0       0       0       0       0       0
Total ram usage:        5 bytes
 Hardware stack levels used:    1
 This function calls:
		Nothing
 This function is called by:
		_itoa
 This function uses a non-reentrant model


 *************** function ___lwdiv *****************
 Defined at:
		line 7 in file "C:\Program Files\Microchip\xc8\v2.20\pic\sources\c99\common\lwdiv.c"
 Parameters:    Size  Location     Type
  dividend        2   13[COMRAM] unsigned int 
  divisor         2   15[COMRAM] unsigned int 
 Auto vars:     Size  Location     Type
  quotient        2   17[COMRAM] unsigned int 
  counter         1   19[COMRAM] unsigned char 
 Return value:  Size  Location     Type
                  2   13[COMRAM] unsigned int 
 Registers used:
		wreg, status,2, status,0
 Tracked objects:
		On entry : 
		On exit  : 
		Unchanged: 
 Data sizes:     COMRAM   BANK0   BANK1   BANK2   BANK3   BANK4   BANK5
      Params:         4       0       0       0       0       0       0
      Locals:         3       0       0       0       0       0       0
      Temps:          0       0       0       0       0       0       0
      Totals:         7       0       0       0       0       0       0
Total ram usage:        7 bytes
 Hardware stack levels used:    1
 This function calls:
		Nothing
 This function is called by:
		_itoa
		_pwmSet1
		_atualizaLCD
		_AtualizarSistema
		_pwmSet2
 This function uses a non-reentrant model


 *************** function _adc_amostra *****************
 Defined at:
		line 42 in file "adc.c"
 Parameters:    Size  Location     Type
  canal           1    wreg     unsigned char 
 Auto vars:     Size  Location     Type
  canal           1    6[COMRAM] unsigned char 
 Return value:  Size  Location     Type
                  2    0[COMRAM] unsigned int 
 Registers used:
		wreg, status,2, status,0
 Tracked objects:
		On entry : 
		On exit  : 
		Unchanged: 
 Data sizes:     COMRAM   BANK0   BANK1   BANK2   BANK3   BANK4   BANK5
      Params:         2       0       0       0       0       0       0
      Locals:         1       0       0       0       0       0       0
      Temps:          4       0       0       0       0       0       0
      Totals:         7       0       0       0       0       0       0
Total ram usage:        7 bytes
 Hardware stack levels used:    1
 This function calls:
		Nothing
 This function is called by:
		_atualizaLCD
		_AtualizarSistema
 This function uses a non-reentrant model


 *************** function ___wmul *****************
 Defined at:
		line 15 in file "C:\Program Files\Microchip\xc8\v2.20\pic\sources\c99\common\Umul16.c"
 Parameters:    Size  Location     Type
  multiplier      2    7[COMRAM] unsigned int 
  multiplicand    2    9[COMRAM] unsigned int 
 Auto vars:     Size  Location     Type
  product         2   11[COMRAM] unsigned int 
 Return value:  Size  Location     Type
                  2    7[COMRAM] unsigned int 
 Registers used:
		wreg, status,2, status,0, prodl, prodh
 Tracked objects:
		On entry : 
		On exit  : 
		Unchanged: 
 Data sizes:     COMRAM   BANK0   BANK1   BANK2   BANK3   BANK4   BANK5
      Params:         4       0       0       0       0       0       0
      Locals:         2       0       0       0       0       0       0
      Temps:          0       0       0       0       0       0       0
      Totals:         6       0       0       0       0       0       0
Total ram usage:        6 bytes
 Hardware stack levels used:    1
 This function calls:
		Nothing
 This function is called by:
		_pwmSet1
		_atualizaLCD
		_AtualizarSistema
		_pwmSet2
		_atraso_s
 This function uses a non-reentrant model



MODULE INFORMATION

Module		Function		Class		Link	Load	Size
delay.c
		_atraso_ms     		CODE           	7B9E	0000	101

delay.c estimated size: 101

C:\Program Files\Microchip\xc8\v2.20\pic\sources\c99\common\Umul16.c
		___wmul        		CODE           	7A2C	0000	39

C:\Program Files\Microchip\xc8\v2.20\pic\sources\c99\common\Umul16.c estimated size: 39

temperatura.c
		_ConfiguraLimiteSuperior		CODE           	79E8	0000	13
		_AtualizarSistema		CODE           	7CE2	0000	135
		_atualizaLCD   		CODE           	7DF8	0000	257
		_ConfiguraLimiteInferior		CODE           	79DC	0000	13

temperatura.c estimated size: 418

pwm.c
		_pwmInit       		CODE           	7A02	0000	21
		_pwmSet1       		CODE           	7C02	0000	109

pwm.c estimated size: 130

adc.c
		_adc_amostra   		CODE           	7D68	0000	145
		_adc_init      		CODE           	79F4	0000	15

adc.c estimated size: 160

C:\Program Files\Microchip\xc8\v2.20\pic\sources\c99\common\lwmod.c
		___lwmod       		CODE           	7B3A	0000	101

C:\Program Files\Microchip\xc8\v2.20\pic\sources\c99\common\lwmod.c estimated size: 101

shared
		__initialization		CODE           	7A16	0000	13

shared estimated size: 13

lcd.c
		_lcd_cmd       		CODE           	7A52	0000	43
		_lcd_dat       		CODE           	7A7C	0000	43
		_lcd_wr        		CODE           	79D4	0000	9
		_lcd_init      		CODE           	7ADE	0000	93

lcd.c estimated size: 188

C:\Program Files\Microchip\xc8\v2.20\pic\sources\c99\common\lwdiv.c
		___lwdiv       		CODE           	7C6E	0000	117

C:\Program Files\Microchip\xc8\v2.20\pic\sources\c99\common\lwdiv.c estimated size: 117

itoa.c
		_itoa          		CODE           	7EF8	0000	265

itoa.c estimated size: 265

main.c
		_main          		CODE           	7AA6	0000	57

main.c estimated size: 57

